================================================================================
🔄 Alert_IQ - Two-Stage Candidate Retrieval & Re-Ranking Demonstration
================================================================================
🗄️  Vector Collection     : alert_iq_knowledge_base (4 chunks)
📥 Stage 1 Candidate Pool: Top-10 Chunks (All available corpus chunks)
📤 Stage 2 Final Filter  : Top-3 Re-Ranked Chunks

================================================================================
🎯 [CASE-1] Incident Runbook Lookup (Exact Runbook Code)
💬 Query: "How to troubleshoot and mitigate DB-RB-402 database replica latency lag spikes?"
🎯 Target Relevant Source: runbook_database_lag.md
================================================================================

[STAGE 1] INITIAL CANDIDATES RETRIEVED (Vector-Only Order):
--------------------------------------------------------------------------------
  • Rank #1  | ID: runbook_database_lag_md::chunk_000 | Vector Score: 0.0416 | 🎯 [Target Source]
    Source: runbook_database_lag.md | "# Database Replica Latency Triage Runbook (DB-RB-402) ## Overview This runbook provid..."
  • Rank #2  | ID: metrics_schema_json::chunk_000   | Vector Score: 0.0079 | ⚪ [Other Source]
    Source: metrics_schema.json | "{ "system": "Alert_IQ Telemetry Engine", "sla_thresholds": { "critical_response_time_..."
  • Rank #3  | ID: service_health_export_html::chunk_000 | Vector Score: 0.0000 | ⚪ [Other Source]
    Source: service_health_export.html | "Alert_IQ Infrastructure Health Snapshot Alert_IQ Core Cluster Health Report Export Da..."
  • Rank #4  | ID: incident_policy_txt::chunk_000   | Vector Score: 0.0000 | ⚪ [Other Source]
    Source: incident_policy.txt | "ALERT_IQ ON-CALL ESCALATION POLICY (REV 2026.3) 1. Level 1 Notification (0 - 5 Minute..."

[STAGE 2] RE-RANKED RESULTS (Cross-Relevance Scored Top-3):
--------------------------------------------------------------------------------
  • Rank #1  | ID: runbook_database_lag_md::chunk_000 | ReRank Score: 0.7250 (Vector: 0.0416) | 🎯 [Target Source]
    Movement : Unchanged (Initial Rank #1 → Final Rank #1)
    Reason   : Exact ID match: ['DB-RB-402']; Partial coverage: 5/8; Heading/Section match
    Source   : runbook_database_lag.md | "# Database Replica Latency Triage Runbook (DB-RB-402) ## Overview This runbook provid..."

  • Rank #2  | ID: service_health_export_html::chunk_000 | ReRank Score: 0.2375 (Vector: 0.0000) | ⚪ [Other Source]
    Movement : Promoted +1 (Initial Rank #3 → Final Rank #2)
    Reason   : Partial coverage: 2/8; Heading/Section match
    Source   : service_health_export.html | "Alert_IQ Infrastructure Health Snapshot Alert_IQ Core Cluster Health Report Export Da..."

  • Rank #3  | ID: metrics_schema_json::chunk_000   | ReRank Score: 0.0012 (Vector: 0.0079) | ⚪ [Other Source]
    Movement : Demoted -1 (Initial Rank #2 → Final Rank #3)
    Reason   : Semantic proximity
    Source   : metrics_schema.json | "{ "system": "Alert_IQ Telemetry Engine", "sla_thresholds": { "critical_response_time_..."

📊 BEFORE-AND-AFTER IMPACT ANALYSIS:
  • Top-1 Match After Re-Ranking: runbook_database_lag_md::chunk_000 (PROMOTED TO RANK #1 ✅)
  • Final Selected Chunks       : ['runbook_database_lag_md::chunk_000', 'service_health_export_html::chunk_000', 'metrics_schema_json::chunk_000']

================================================================================
🎯 [CASE-2] SLA & Telemetry Parameter Lookup (Key Phrase)
💬 Query: "What is the critical_response_time_seconds threshold in the metrics schema?"
🎯 Target Relevant Source: metrics_schema.json
================================================================================

[STAGE 1] INITIAL CANDIDATES RETRIEVED (Vector-Only Order):
--------------------------------------------------------------------------------
  • Rank #1  | ID: incident_policy_txt::chunk_000   | Vector Score: 0.0644 | ⚪ [Other Source]
    Source: incident_policy.txt | "ALERT_IQ ON-CALL ESCALATION POLICY (REV 2026.3) 1. Level 1 Notification (0 - 5 Minute..."
  • Rank #2  | ID: service_health_export_html::chunk_000 | Vector Score: 0.0298 | ⚪ [Other Source]
    Source: service_health_export.html | "Alert_IQ Infrastructure Health Snapshot Alert_IQ Core Cluster Health Report Export Da..."
  • Rank #3  | ID: metrics_schema_json::chunk_000   | Vector Score: 0.0207 | 🎯 [Target Source]
    Source: metrics_schema.json | "{ "system": "Alert_IQ Telemetry Engine", "sla_thresholds": { "critical_response_time_..."
  • Rank #4  | ID: runbook_database_lag_md::chunk_000 | Vector Score: 0.0000 | ⚪ [Other Source]
    Source: runbook_database_lag.md | "# Database Replica Latency Triage Runbook (DB-RB-402) ## Overview This runbook provid..."

[STAGE 2] RE-RANKED RESULTS (Cross-Relevance Scored Top-3):
--------------------------------------------------------------------------------
  • Rank #1  | ID: metrics_schema_json::chunk_000   | ReRank Score: 0.5281 (Vector: 0.0207) | 🎯 [Target Source]
    Movement : Promoted +2 (Initial Rank #3 → Final Rank #1)
    Reason   : Exact ID match: ['critical_response_time_seconds']; Partial coverage: 2/4
    Source   : metrics_schema.json | "{ "system": "Alert_IQ Telemetry Engine", "sla_thresholds": { "critical_response_time_..."

  • Rank #2  | ID: incident_policy_txt::chunk_000   | ReRank Score: 0.0097 (Vector: 0.0644) | ⚪ [Other Source]
    Movement : Demoted -1 (Initial Rank #1 → Final Rank #2)
    Reason   : Semantic proximity
    Source   : incident_policy.txt | "ALERT_IQ ON-CALL ESCALATION POLICY (REV 2026.3) 1. Level 1 Notification (0 - 5 Minute..."

  • Rank #3  | ID: service_health_export_html::chunk_000 | ReRank Score: 0.0045 (Vector: 0.0298) | ⚪ [Other Source]
    Movement : Demoted -1 (Initial Rank #2 → Final Rank #3)
    Reason   : Semantic proximity
    Source   : service_health_export.html | "Alert_IQ Infrastructure Health Snapshot Alert_IQ Core Cluster Health Report Export Da..."

📊 BEFORE-AND-AFTER IMPACT ANALYSIS:
  • Top-1 Match After Re-Ranking: metrics_schema_json::chunk_000 (PROMOTED TO RANK #1 ✅)
  • Final Selected Chunks       : ['metrics_schema_json::chunk_000', 'incident_policy_txt::chunk_000', 'service_health_export_html::chunk_000']

================================================================================
🎯 [CASE-3] On-Call Escalation Matrix (Policy Terms)
💬 Query: "What is the Level 1 on-call notification policy and escalation timeline for P1 incidents?"
🎯 Target Relevant Source: incident_policy.txt
================================================================================

[STAGE 1] INITIAL CANDIDATES RETRIEVED (Vector-Only Order):
--------------------------------------------------------------------------------
  • Rank #1  | ID: metrics_schema_json::chunk_000   | Vector Score: 0.0547 | ⚪ [Other Source]
    Source: metrics_schema.json | "{ "system": "Alert_IQ Telemetry Engine", "sla_thresholds": { "critical_response_time_..."
  • Rank #2  | ID: incident_policy_txt::chunk_000   | Vector Score: 0.0000 | 🎯 [Target Source]
    Source: incident_policy.txt | "ALERT_IQ ON-CALL ESCALATION POLICY (REV 2026.3) 1. Level 1 Notification (0 - 5 Minute..."
  • Rank #3  | ID: runbook_database_lag_md::chunk_000 | Vector Score: 0.0000 | ⚪ [Other Source]
    Source: runbook_database_lag.md | "# Database Replica Latency Triage Runbook (DB-RB-402) ## Overview This runbook provid..."
  • Rank #4  | ID: service_health_export_html::chunk_000 | Vector Score: 0.0000 | ⚪ [Other Source]
    Source: service_health_export.html | "Alert_IQ Infrastructure Health Snapshot Alert_IQ Core Cluster Health Report Export Da..."

[STAGE 2] RE-RANKED RESULTS (Cross-Relevance Scored Top-3):
--------------------------------------------------------------------------------
  • Rank #1  | ID: incident_policy_txt::chunk_000   | ReRank Score: 0.7625 (Vector: 0.0000) | 🎯 [Target Source]
    Movement : Promoted +1 (Initial Rank #2 → Final Rank #1)
    Reason   : Exact ID match: ['on-call']; High token coverage: 6/8; Heading/Section match
    Source   : incident_policy.txt | "ALERT_IQ ON-CALL ESCALATION POLICY (REV 2026.3) 1. Level 1 Notification (0 - 5 Minute..."

  • Rank #2  | ID: metrics_schema_json::chunk_000   | ReRank Score: 0.0082 (Vector: 0.0547) | ⚪ [Other Source]
    Movement : Demoted -1 (Initial Rank #1 → Final Rank #2)
    Reason   : Semantic proximity
    Source   : metrics_schema.json | "{ "system": "Alert_IQ Telemetry Engine", "sla_thresholds": { "critical_response_time_..."

  • Rank #3  | ID: runbook_database_lag_md::chunk_000 | ReRank Score: 0.0000 (Vector: 0.0000) | ⚪ [Other Source]
    Movement : Unchanged (Initial Rank #3 → Final Rank #3)
    Reason   : Semantic proximity
    Source   : runbook_database_lag.md | "# Database Replica Latency Triage Runbook (DB-RB-402) ## Overview This runbook provid..."

📊 BEFORE-AND-AFTER IMPACT ANALYSIS:
  • Top-1 Match After Re-Ranking: incident_policy_txt::chunk_000 (PROMOTED TO RANK #1 ✅)
  • Final Selected Chunks       : ['incident_policy_txt::chunk_000', 'metrics_schema_json::chunk_000', 'runbook_database_lag_md::chunk_000']

================================================================================
🏁 FINAL RE-RANKING PIPELINE VALIDATION
================================================================================
• Stage 1 Candidate Retrieval  : SUCCESS (Broad recall pool)
• Stage 2 Contextual Re-Rank   : SUCCESS (Cross-interaction scoring)
• Top-1 Relevance Improvement  : CONFIRMED (100% Target Precision at Rank #1)
• Production Readiness         : READY FOR RAG MODEL GROUNDING 🚀
================================================================================