================================================================================
🔍 Alert_IQ - Vector Database Setup & Read-Back Verification Report
================================================================================

[Task 1] VECTOR DATABASE REACHABILITY & CONFIGURATION
--------------------------------------------------------------------------------
• Connection Status     : ONLINE ✅
• Storage Type          : persistent
• Storage Path          : C:\Users\hp\Desktop\3.11\data\vector_store
• Target Collection     : alert_iq_knowledge_base
• Distance Metric       : cosine
• Initial Item Count    : 1

[Task 2] COLLECTION SIZING & EMBEDDING CONFIGURATION
--------------------------------------------------------------------------------
• Embedding Model       : text-embedding-004
• Vector Dimension      : 768 dimensions
• Collection Status     : Ready & Dimension Locked (768-d)

[Task 3] STORED RECORD SCHEMA DESIGN
--------------------------------------------------------------------------------
• Schema Definition     : VectorRecord(id, vector, text, metadata)
• Record ID             : doc_incident_policy_chunk_001
• Text Length           : 174 characters
• Embedding Dim         : 768 floats
• Metadata Keys         : ['source_document', 'source', 'chunk_index', 'section', 'page', 'token_count', 'classification']

[Task 4] INSERT AND READ-BACK TEST VERIFICATION
--------------------------------------------------------------------------------
✅ Read-Back Record ID  : doc_incident_policy_chunk_001
✅ Vector Length        : 768 dimensions
✅ Source Text          : "Severity 1 (P1 - Critical): Severe degradation or complete outage of mission-critical services. Immediate incident commander assignment and hourly executive updates required."
✅ Stored Metadata:
    • token_count       : 32
    • source            : incident_policy.txt
    • chunk_index       : 0
    • section           : Severity Classification & Escalation Matrix
    • classification    : P1-Critical
    • source_document   : incident_policy.txt
    • page              : 1

================================================================================
🏁 SUMMARY & VALIDATION STATUS
================================================================================
• Vector DB Reachable   : YES
• Correct Dimension     : YES (768-d)
• Schema Integrity      : VALIDATED
• Round-Trip Readback   : SUCCESS (100% Fidelity)
================================================================================